../Core/Src/stm32f7xx_it.c:76:6:NMI_Handler	4	static
../Core/Src/stm32f7xx_it.c:91:6:HardFault_Handler	4	static
../Core/Src/stm32f7xx_it.c:106:6:MemManage_Handler	4	static
../Core/Src/stm32f7xx_it.c:121:6:BusFault_Handler	4	static
../Core/Src/stm32f7xx_it.c:136:6:UsageFault_Handler	4	static
../Core/Src/stm32f7xx_it.c:151:6:SVC_Handler	4	static
../Core/Src/stm32f7xx_it.c:164:6:DebugMon_Handler	4	static
../Core/Src/stm32f7xx_it.c:177:6:PendSV_Handler	4	static
../Core/Src/stm32f7xx_it.c:190:6:SysTick_Handler	8	static
../Core/Src/stm32f7xx_it.c:283:6:TIM1_TRG_COM_TIM11_IRQHandler	8	static
../Core/Src/stm32f7xx_it.c:297:6:TIM3_IRQHandler	8	static
../Core/Src/stm32f7xx_it.c:311:6:UART4_IRQHandler	8	static
