21:13:10 **** Incremental Build of configuration Debug for project MTE-100 ****
make -j20 all 
arm-none-eabi-gcc "../Core/Src/mqtt.c" -mcpu=cortex-m7 -std=gnu11 -g3 -DDEBUG -DUSE_HAL_DRIVER -DSTM32F767xx -c -I../Core/Inc -I../Drivers/STM32F7xx_HAL_Driver/Inc -I../Drivers/STM32F7xx_HAL_Driver/Inc/Legacy -I../Drivers/CMSIS/Device/ST/STM32F7xx/Include -I../Drivers/CMSIS/Include -I../LWIP/App -I../LWIP/Target -I../Middlewares/Third_Party/LwIP/src/include -I../Middlewares/Third_Party/LwIP/system -I../Drivers/BSP/Components/lan8742 -I../Middlewares/Third_Party/LwIP/src/include/netif/ppp -I../Middlewares/Third_Party/LwIP/src/include/lwip -I../Middlewares/Third_Party/LwIP/src/include/lwip/apps -I../Middlewares/Third_Party/LwIP/src/include/lwip/priv -I../Middlewares/Third_Party/LwIP/src/include/lwip/prot -I../Middlewares/Third_Party/LwIP/src/include/netif -I../Middlewares/Third_Party/LwIP/src/include/compat/posix -I../Middlewares/Third_Party/LwIP/src/include/compat/posix/arpa -I../Middlewares/Third_Party/LwIP/src/include/compat/posix/net -I../Middlewares/Third_Party/LwIP/src/include/compat/posix/sys -I../Middlewares/Third_Party/LwIP/src/include/compat/stdc -I../Middlewares/Third_Party/LwIP/system/arch -O0 -ffunction-sections -fdata-sections -Wall -fstack-usage -fcyclomatic-complexity -MMD -MP -MF"Core/Src/mqtt.d" -MT"Core/Src/mqtt.o" --specs=nano.specs -mfpu=fpv5-d16 -mfloat-abi=hard -mthumb -o "Core/Src/mqtt.o"
arm-none-eabi-gcc -o "MTE-100.elf" @"objects.list"   -mcpu=cortex-m7 -T"D:\Meus Documentos\Projects\Concert_Technologies\Projects\Firmware\MTE-100\STM32F767VITX_FLASH.ld" --specs=nosys.specs -Wl,-Map="MTE-100.map" -Wl,--gc-sections -static --specs=nano.specs -mfpu=fpv5-d16 -mfloat-abi=hard -mthumb -u _printf_float -u _scanf_float -Wl,--start-group -lc -lm -Wl,--end-group
Finished building target: MTE-100.elf
 
arm-none-eabi-size  MTE-100.elf 
arm-none-eabi-objdump -h -S MTE-100.elf  > "MTE-100.list"
   text	   data	    bss	    dec	    hex	filename
 110736	    840	  34152	 145728	  23940	MTE-100.elf
Finished building: default.size.stdout
 
Finished building: MTE-100.list
 
